GDRE Tools v2.5.0-beta.5
Windows 10.0.26200, NVIDIA GeForce RTX 5080 Laptop GPU, vulkan
Opening file: C:/Users/gomez/OneDrive/Bureau/menu_godot/Menu.pck
Multiple passing candidates for bytecode version 13:
3.5.0-stable (a7aad78), 3.2.0-stable (5565f55)
Choosing only one that matches engine version: 3.5.0-stable (a7aad78).
Loaded 3 imported files
Detected Engine Version: 3.5.0
Detected Bytecode Revision: 3.5.0-stable (a7aad78)
Verified 10 files, no errors detected!
Extracted 10 files, no errors detected!
Saved project config.


********************************EXPORT REPORT********************************

Totals:                                 
Decompiled scripts:                     1
Failed scripts:                         0
Imported resources for export session:  3
Successfully converted:                 3
Lossy:                                  0
Rewrote metadata:                       0
Non-importable conversions:             0
Not converted:                          0
Failed conversions:                     0
-------------



------------------------------------------------------------------------------------

Use Godot editor version 3.5.0 to edit the project.

*******************************************************************************

